// Jest Snapshot v1, https://goo.gl/fbAQLP

exports[`renders correctly 1`] = `
<nav
  className="navbar--Container"
>
  <div
    className="navbar--heading"
  >
    <h1>
      Math Magician
    </h1>
  </div>
  <div
    className="nav--List"
  >
    <li>
      <a
        className="navLink"
        href="/"
        onClick={[Function]}
      >
        Home
      </a>
    </li>
    <li>
      <a
        className="navLink"
        href="/Calculator"
        onClick={[Function]}
      >
        Calculator
      </a>
    </li>
    <li>
      <a
        className="navLink"
        href="/Quote"
        onClick={[Function]}
      >
        Quote
      </a>
    </li>
  </div>
</nav>
`;